Release 14.7 Map P.20160913 (lin64)
Xilinx Map Application Log File for Design 'toplevel'

Design Information
------------------
Command Line   : map -intstyle ise -p xc6slx150-fgg484-2 -w -logic_opt off -ol
high -t 1 -xt 0 -register_duplication off -r 4 -global_opt off -mt off -ir off
-pr off -lc off -power off -o toplevel_map.ncd toplevel.ngd toplevel.pcf 
Target Device  : xc6slx150
Target Package : fgg484
Target Speed   : -2
Mapper Version : spartan6 -- $Revision: 1.55 $
Mapped Date    : Mon Jan 21 19:30:13 2019

vvvvvvvvvvvvvvvvvvvvvvvvvvvvvvvvvvvvvvvvvvvvvvvvvvvvvvvvvvvvvvvvvvvvvv
INFO:Security:56 - Part 'xc6slx150' is not a WebPack part.
INFO:Security:7 - A feature for ISE was found but is for the wrong hostid.
INFO:Security:61 - The XILINXD_LICENSE_FILE environment variable is not set.
INFO:Security:63 - The LM_LICENSE_FILE environment variable is not set.
INFO:Security:68 - For more information or for assistance in obtaining 
 a license, please run the Xilinx License Configuration Manager
       (xlcm or "Manage Xilinx Licenses".)
INFO:Security:68a - user is ise, on host localhost.localdomain.
WARNING:Security:9b - No 'ISE' feature version 2016.11 was available for part
'xc6slx150'.
ERROR:Security:12 - No 'xc6slx150' feature version 2016.11 was available (-5),
     so 'WebPack' may not be used.
----------------------------------------------------------------------
Invalid host.
 The hostid of this system does not match the hostid
 specified in the license file.
Feature:       ISE
Hostid:        08002768c935
License path: 
/home/ise/.Xilinx/Xilinx(1).lic:/home/ise/.Xilinx/Xilinx(2).lic:/home/ise/.Xilin
x/Xilinx.lic:/opt/Xilinx/14.7/ISE_DS/ISE//data/*.lic:/opt/Xilinx/14.7/ISE_DS/ISE
//coregen/core_licenses/Xilinx.lic:/opt/Xilinx/14.7/ISE_DS/ISE//coregen/core_lic
enses/XilinxFree.lic:/opt/Xilinx/14.7/ISE_DS/EDK/data/core_licenses/Xilinx.lic:
FLEXnet Licensing error:-9,57
For further information, refer to the FLEXnet Licensing documentation,
available at "www.flexerasoftware.com".No such feature exists.
Feature:       xc6slx150
License path: 
/home/ise/.Xilinx/Xilinx(1).lic:/home/ise/.Xilinx/Xilinx(2).lic:/home/ise/.Xilin
x/Xilinx.lic:/opt/Xilinx/14.7/ISE_DS/ISE//data/*.lic:/opt/Xilinx/14.7/ISE_DS/ISE
//coregen/core_licenses/Xilinx.lic:/opt/Xilinx/14.7/ISE_DS/ISE//coregen/core_lic
enses/XilinxFree.lic:/opt/Xilinx/14.7/ISE_DS/EDK/data/core_licenses/Xilinx.lic:
FLEXnet Licensing error:-5,357
For further information, refer to the FLEXnet Licensing documentation,
available at "www.flexerasoftware.com".
^^^^^^^^^^^^^^^^^^^^^^^^^^^^^^^^^^^^^^^^^^^^^^^^^^^^^^^^^^^^^^^^^^^^^^
ERROR:Map:258 - A problem was encountered attempting to get the license for this
   architecture. 

Design Summary
--------------
Number of errors   :   1
Number of warnings :   0
